[debug] [2026-04-05T11:20:22.005Z] ----------------------------------------------------------------------
[debug] [2026-04-05T11:20:22.012Z] Command:       C:\Program Files\nodejs\node.exe C:\Users\Dell\AppData\Roaming\npm\node_modules\firebase-tools\lib\bin\firebase.js apps:sdkconfig web 1:385330183189:web:184c4683247aed4948a21c --json
[debug] [2026-04-05T11:20:22.013Z] CLI Version:   15.13.0
[debug] [2026-04-05T11:20:22.013Z] Platform:      win32
[debug] [2026-04-05T11:20:22.013Z] Node Version:  v24.13.1
[debug] [2026-04-05T11:20:22.014Z] Time:          Sun Apr 05 2026 16:50:22 GMT+0530 (India Standard Time)
[debug] [2026-04-05T11:20:22.014Z] ----------------------------------------------------------------------
[debug] 
[debug] [2026-04-05T11:20:22.503Z] Object "" in "firebase.json" has unknown property: {"additionalProperty":"flutter"}
[debug] [2026-04-05T11:20:22.509Z] > command requires scopes: ["email","openid","https://www.googleapis.com/auth/cloudplatformprojects.readonly","https://www.googleapis.com/auth/firebase","https://www.googleapis.com/auth/cloud-platform"]
[debug] [2026-04-05T11:20:22.510Z] > authorizing via signed-in user (ojaswitameena06@gmail.com)
[debug] [2026-04-05T11:20:22.515Z] Checked if tokens are valid: true, expires at: 1775391468731
[debug] [2026-04-05T11:20:22.515Z] Checked if tokens are valid: true, expires at: 1775391468731
[debug] [2026-04-05T11:20:22.518Z] >>> [apiv2][query] GET https://firebase.googleapis.com/v1beta1/projects/-/webApps/1:385330183189:web:184c4683247aed4948a21c/config [none]
[debug] [2026-04-05T11:20:27.522Z] <<< [apiv2][status] GET https://firebase.googleapis.com/v1beta1/projects/-/webApps/1:385330183189:web:184c4683247aed4948a21c/config 200
[debug] [2026-04-05T11:20:27.523Z] <<< [apiv2][body] GET https://firebase.googleapis.com/v1beta1/projects/-/webApps/1:385330183189:web:184c4683247aed4948a21c/config {"projectId":"travelink-49b5b","appId":"1:385330183189:web:184c4683247aed4948a21c","storageBucket":"travelink-49b5b.firebasestorage.app","apiKey":"AIzaSyD0Tq7Gdi75QHm7buirkVCPQ_WTsQSv5Qw","authDomain":"travelink-49b5b.firebaseapp.com","messagingSenderId":"385330183189","projectNumber":"385330183189","version":"2"}
[info] {
  "projectId": "travelink-49b5b",
  "appId": "1:385330183189:web:184c4683247aed4948a21c",
  "storageBucket": "travelink-49b5b.firebasestorage.app",
  "apiKey": "AIzaSyD0Tq7Gdi75QHm7buirkVCPQ_WTsQSv5Qw",
  "authDomain": "travelink-49b5b.firebaseapp.com",
  "messagingSenderId": "385330183189",
  "projectNumber": "385330183189",
  "version": "2"
}
[debug] [2026-04-05T11:20:33.050Z] Error: Timed out.
    at Timeout._onTimeout (C:\Users\Dell\AppData\Roaming\npm\node_modules\firebase-tools\lib\utils.js:309:49)
    at listOnTimeout (node:internal/timers:605:17)
    at process.processTimers (node:internal/timers:541:7)
[error] 
[error] Error: An unexpected error has occurred.
